
> react-typescript-starter@0.1.0 test
> react-scripts test

Browserslist: caniuse-lite is outdated. Please run:
  npx browserslist@latest --update-db
  Why you should do it regularly: https://github.com/browserslist/browserslist#browsers-data-updating
FAIL src/HtmlCss.test.tsx
  ● Some HTML Elements are added. › There is a header

    TestingLibraryElementError: Unable to find an accessible element with the role "heading"

    Here are the accessible roles:

      banner:

      Name "":
      [36m<header[39m
        [33mclass[39m=[32m"App-header"[39m
      [36m/>[39m

      --------------------------------------------------
      img:

      Name "A picture of abandoned food my friend took":
      [36m<img[39m
        [33malt[39m=[32m"A picture of abandoned food my friend took"[39m
        [33msrc[39m=[32m"C:\\Users\\micking\\tasks\\public\\IMG_1715.jpg"[39m
      [36m/>[39m

      --------------------------------------------------
      button:

      Name "Log Hello World":
      [36m<button[39m
        [33mclass[39m=[32m"btn btn-primary"[39m
        [33mtype[39m=[32m"button"[39m
      [36m/>[39m

      --------------------------------------------------
      list:

      Name "":
      [36m<ol />[39m

      --------------------------------------------------
      listitem:

      Name "":
      [36m<li />[39m

      Name "":
      [36m<li />[39m

      Name "":
      [36m<li />[39m

      --------------------------------------------------

    Ignored nodes: comments, <script />, <style />
    [36m<body>[39m
      [36m<div>[39m
        [36m<div[39m
          [33mclass[39m=[32m"App"[39m
        [36m>[39m
          [36m<header[39m
            [33mclass[39m=[32m"App-header"[39m
          [36m>[39m
            [0mMichael King UD CISC275 with React Hooks and TypeScript[0m
          [36m</header>[39m
          [36m<p>[39m
            [0mEdit [0m
            [36m<code>[39m
              [0msrc/App.tsx[0m
            [36m</code>[39m
            [0m and save. This page will automatically reload. Hello World[0m
          [36m</p>[39m
          [36m<div[39m
            [33mclass[39m=[32m"container"[39m
          [36m>[39m
            [36m<div[39m
              [33mclass[39m=[32m"row"[39m
            [36m>[39m
              [36m<div[39m
                [33mclass[39m=[32m"col"[39m
              [36m>[39m
                [36m<img[39m
                  [33malt[39m=[32m"A picture of abandoned food my friend took"[39m
                  [33msrc[39m=[32m"C:\\Users\\micking\\tasks\\public\\IMG_1715.jpg"[39m
                [36m/>[39m
                [36m<div[39m
                  [33mstyle[39m=[32m"background-color: red;"[39m
                [36m/>[39m
              [36m</div>[39m
              [36m<div[39m
                [33mclass[39m=[32m"col"[39m
              [36m>[39m
                [36m<button[39m
                  [33mclass[39m=[32m"btn btn-primary"[39m
                  [33mtype[39m=[32m"button"[39m
                [36m>[39m
                  [0mLog Hello World[0m
                [36m</button>[39m
                [0mOrdered List:[0m
                [36m<ol>[39m
                  [36m<li>[39m
                    [0mFirst[0m
                  [36m</li>[39m
                  [36m<li>[39m
                    [0mNext[0m
                  [36m</li>[39m
                  [36m<li>[39m
                    [0mLast[0m
                  [36m</li>[39m
                [36m</ol>[39m
                [36m<div[39m
                  [33mstyle[39m=[32m"background-color: red;"[39m
                [36m/>[39m
              [36m</div>[39m
            [36m</div>[39m
          [36m</div>[39m
        [36m</div>[39m
      [36m</div>[39m
    [36m</body>[39m

       7 |     test("There is a header", () => {
       8 |         render(<App />);
    >  9 |         const header = screen.getByRole("heading");
         |                               ^
      10 |         expect(header).toBeInTheDocument();
      11 |     });
      12 |

      at Object.getElementError (node_modules/@testing-library/dom/dist/config.js:38:19)
      at node_modules/@testing-library/dom/dist/query-helpers.js:90:38
      at node_modules/@testing-library/dom/dist/query-helpers.js:62:17
      at getByRole (node_modules/@testing-library/dom/dist/query-helpers.js:111:19)
      at Object.<anonymous> (src/HtmlCss.test.tsx:9:31)

PASS src/text.test.tsx
PASS src/App.test.tsx
----------|---------|----------|---------|---------|-------------------
File      | % Stmts | % Branch | % Funcs | % Lines | Uncovered Line #s 
----------|---------|----------|---------|---------|-------------------
All files |     100 |      100 |     100 |     100 |                   
 App.tsx  |     100 |      100 |     100 |     100 |                   
----------|---------|----------|---------|---------|-------------------

Test Suites: 1 failed, 2 passed, 3 total
Tests:       1 failed, 8 passed, 9 total
Snapshots:   0 total
Time:        3.043 s
Ran all test suites.
